../Core/Src/main.c:91:6:BspCOM_Init	8	static
../Core/Src/main.c:99:5:_write	24	static
../Core/Src/main.c:110:6:onMessageProvisioning	24	static
../Core/Src/main.c:123:6:onMoComplete	16	static
../Core/Src/main.c:136:6:onMtComplete	32	static
../Core/Src/main.c:176:6:onConstellationState	16	static
../Core/Src/main.c:190:5:main	40	static
../Core/Src/main.c:299:13:sendFtsStatusMessage	8	static
../Core/Src/main.c:318:6:SystemClock_Config	88	static
../Core/Src/main.c:354:13:MX_USART1_UART_Init	8	static
../Core/Src/main.c:374:13:MX_GPIO_USART2_Init	32	static
../Core/Src/main.c:386:13:MX_USART2_UART_Init	24	static
../Core/Src/main.c:407:13:MX_DMA_Init	16	static
../Core/Src/main.c:420:13:MX_GPIO_Init	48	static
../Core/Src/main.c:450:6:Error_Handler	40	static,ignoring_inline_asm
