../Core/Rockblock/jspr.c:21:5:sendJspr	24	static
../Core/Rockblock/jspr.c:36:17:receiveJspr	56	static
../Core/Rockblock/jspr.c:118:6:clearResponse	16	static
../Core/Rockblock/jspr.c:126:6:parseJsprBootInfo	56	static
../Core/Rockblock/jspr.c:209:6:parseJsprGetApiVersion	72	static
../Core/Rockblock/jspr.c:268:6:parseJsprFirmwareInfo	64	static
../Core/Rockblock/jspr.c:358:6:parseJsprGetSimInterface	32	static
../Core/Rockblock/jspr.c:403:6:parseJsprGetOperationalState	32	static
../Core/Rockblock/jspr.c:471:6:parseJsprPutMessageOriginate	40	static
../Core/Rockblock/jspr.c:532:6:parseJsprUnsMessageOriginateSegment	40	static
../Core/Rockblock/jspr.c:580:6:parseJsprUnsMessageTerminate	40	static
../Core/Rockblock/jspr.c:620:6:parseJsprUnsMessageTerminateSegment	56	static
../Core/Rockblock/jspr.c:675:6:parseJsprGetSignal	40	static
../Core/Rockblock/jspr.c:712:6:parseJsprUnsMessageOriginateStatus	40	static
../Core/Rockblock/jspr.c:804:6:parseJsprUnsMessageTerminateStatus	40	static
../Core/Rockblock/jspr.c:856:6:parseJsprGetMessageProvisioning	64	static
../Core/Rockblock/jspr.c:931:6:parseJsprGetHwInfo	40	static
../Core/Rockblock/jspr.c:970:6:parseJsprGetSimStatus	40	static
