../Core/Rockblock/jspr_command.c:21:6:jsprGetApiVersion	40	static
../Core/Rockblock/jspr_command.c:35:6:jsprPutApiVersion	40	static
../Core/Rockblock/jspr_command.c:58:6:putSimInterface	24	static
../Core/Rockblock/jspr_command.c:86:6:jsprGetSimInterface	40	static
../Core/Rockblock/jspr_command.c:100:6:jsprPutSimInterface	32	static
../Core/Rockblock/jspr_command.c:123:6:putOperationalState	24	static
../Core/Rockblock/jspr_command.c:163:6:jsprGetOperationalState	48	static
../Core/Rockblock/jspr_command.c:178:6:jsprPutOperationalState	32	static
../Core/Rockblock/jspr_command.c:201:6:jsprPutMessageOriginate	40	static
../Core/Rockblock/jspr_command.c:230:6:jsprPutMessageOriginateSegment	56	static
../Core/Rockblock/jspr_command.c:254:6:jsprGetSignal	48	static
../Core/Rockblock/jspr_command.c:269:6:jsprGetMessageProvisioning	48	static
../Core/Rockblock/jspr_command.c:283:6:jsprGetHwInfo	32	static
../Core/Rockblock/jspr_command.c:297:13:bootSlotToStr	24	static
../Core/Rockblock/jspr_command.c:317:6:jsprGetFirmware	40	static
../Core/Rockblock/jspr_command.c:342:6:jsprPutFirmware	40	static
../Core/Rockblock/jspr_command.c:367:6:jsprGetSimStatus	40	static
../Core/Rockblock/jspr_command.c:381:6:jsprPutServiceConfig	32	static
