../Core/Rockblock/rockblock_9704.c:53:6:rbRegisterCallbacks	16	static
../Core/Rockblock/rockblock_9704.c:62:6:rbBeginGpio	40	static
../Core/Rockblock/rockblock_9704.c:137:6:rbEndGpio	24	static
../Core/Rockblock/rockblock_9704.c:205:13:setApi	32	static
../Core/Rockblock/rockblock_9704.c:244:13:setSim	24	static
../Core/Rockblock/rockblock_9704.c:276:13:setState	24	static
../Core/Rockblock/rockblock_9704.c:309:6:rbBegin	24	static
../Core/Rockblock/rockblock_9704.c:369:15:encodeData	40	static
../Core/Rockblock/rockblock_9704.c:383:15:decodeData	40	static
../Core/Rockblock/rockblock_9704.c:397:13:appendCrc	24	static
../Core/Rockblock/rockblock_9704.c:408:6:rbSendMessage	32	static
../Core/Rockblock/rockblock_9704.c:421:6:rbSendMessageCloudloop	32	static
../Core/Rockblock/rockblock_9704.c:434:6:rbSendMessageAny	32	static
../Core/Rockblock/rockblock_9704.c:447:13:sendMoFromQueue	40	static
../Core/Rockblock/rockblock_9704.c:505:8:rbReceiveMessage	24	static
../Core/Rockblock/rockblock_9704.c:527:8:rbReceiveMessageWithTopic	24	static
../Core/Rockblock/rockblock_9704.c:550:13:listenForMt	16	static
../Core/Rockblock/rockblock_9704.c:581:13:sendMoFromQueueAsync	32	static
../Core/Rockblock/rockblock_9704.c:626:6:rbSendMessageAsync	32	static
../Core/Rockblock/rockblock_9704.c:650:8:rbReceiveMessageAsync	24	static
../Core/Rockblock/rockblock_9704.c:675:6:rbReceiveLockAsync	8	static
../Core/Rockblock/rockblock_9704.c:680:6:rbReceiveUnlockAsync	8	static
../Core/Rockblock/rockblock_9704.c:685:6:rbAcknowledgeReceiveHeadAsync	16	static
../Core/Rockblock/rockblock_9704.c:695:13:checkMoQueue	16	static
../Core/Rockblock/rockblock_9704.c:708:6:rbPoll	1552	static
../Core/Rockblock/rockblock_9704.c:896:8:rbGetSignal	24	static
../Core/Rockblock/rockblock_9704.c:921:13:getHwInfo	24	static
../Core/Rockblock/rockblock_9704.c:940:8:rbGetImei	16	static
../Core/Rockblock/rockblock_9704.c:950:8:rbGetHwVersion	16	static
../Core/Rockblock/rockblock_9704.c:960:8:rbGetSerialNumber	16	static
../Core/Rockblock/rockblock_9704.c:970:8:rbGetBoardTemp	16	static
../Core/Rockblock/rockblock_9704.c:980:13:getSimStatus	24	static
../Core/Rockblock/rockblock_9704.c:999:6:rbGetCardPresent	16	static
../Core/Rockblock/rockblock_9704.c:1009:6:rbGetSimConnected	16	static
../Core/Rockblock/rockblock_9704.c:1019:8:rbGetIccid	16	static
../Core/Rockblock/rockblock_9704.c:1029:13:getFirmwareInfo	24	static
../Core/Rockblock/rockblock_9704.c:1048:8:rbGetFirmwareVersion	16	static
../Core/Rockblock/rockblock_9704.c:1065:6:rbResyncServiceConfig	24	static
../Core/Rockblock/rockblock_9704.c:1158:17:calculateCrc	40	static
../Core/Rockblock/rockblock_9704.c:1175:6:rbEnd	16	static
../Core/Rockblock/rockblock_9704.c:1186:13:checkProvisioning	1408	static
